// Jest Snapshot v1, https://goo.gl/fbAQLP

exports[`My Connected React-Redux Component should render with given state from Redux store 1`] = `
<div>
  <div
    className="addTestHeaderImage"
  />
  <div
    className="mainContainer"
  >
    <h1>
      Add Test
    </h1>
    <form
      className="addTestForm"
      onSubmit={[Function]}
    >
      <label>
        <select
          className="select"
          name="selectedClass"
          onChange={[Function]}
        >
          <option>
            Class Name:
          </option>
          <option
            value="class0"
          >
            PsychologyRedux
          </option>
          <option
            value="class1"
          >
            HistoryRedux
          </option>
        </select>
      </label>
      <br />
      <div
        class="page"
      >
        <label
          class="field a-field a-field_a1"
        >
          <input
            class="field__input a-field__input"
            name="testNameToAdd"
            onChange={[Function]}
            placeholder="Chapter 1 test"
            required={true}
            value=""
          />
          <span
            class="a-field__label-wrap"
          >
            <span
              class="a-field__label"
            >
              Test I'm Studying For
              :
            </span>
          </span>
        </label>
      </div>
      <br />
      <input
        className="button"
        type="submit"
        value="Submit"
      />
    </form>
  </div>
</div>
`;
